  console.warn
    MISTRAL_API_KEY is not set. Search classifier will not function correctly.

    [0m [90m 11 |[39m     client [33m=[39m [36mnew[39m [33mMistral[39m({ apiKey[33m:[39m apiKey })[33m;[39m
     [90m 12 |[39m } [36melse[39m {
    [31m[1m>[22m[39m[90m 13 |[39m     console[33m.[39mwarn([32m'MISTRAL_API_KEY is not set. Search classifier will not function correctly.'[39m)[33m;[39m
     [90m    |[39m             [31m[1m^[22m[39m
     [90m 14 |[39m }
     [90m 15 |[39m
     [90m 16 |[39m [90m/**[39m[0m

      at warn (src/services/search.service.js:13:13)
      at tests/unit/search_fusion.test.js:24:37

(node:21008) ExperimentalWarning: VM Modules is an experimental feature and might change at any time
(Use `node --trace-warnings ...` to show where the warning was created)
FAIL tests/unit/search_fusion.test.js
  Search Fusion Logic
    ├ù should merge OCR results using UUID (id) instead of video_name (3 ms)

  ΓùÅ Search Fusion Logic ΓÇ║ should merge OCR results using UUID (id) instead of video_name

    Search configuration error: Mistral API key missing

      19 | export async function classifyQuery(queryText) {
      20 |     if (!client) {
    > 21 |         throw new ApiError(500, 'Search configuration error: Mistral API key missing');
         |               ^
      22 |     }
      23 |
      24 |     try {

      at classifyQuery (src/services/search.service.js:21:15)
      at classifyQuery (src/services/search.service.js:200:34)
      at Object.performMultimodalSearch (tests/unit/search_fusion.test.js:89:30)

Test Suites: 1 failed, 1 total
Tests:       1 failed, 1 total
Snapshots:   0 total
Time:        0.287 s, estimated 1 s
Ran all test suites matching /tests\\unit\\search_fusion.test.js/i.
